[2025-10-29T00:43:32.074Z] LOG_FILE=/home/medplay/medplayapp/medplay/.logs/notify-password-changes-proton.log
[2025-10-29T00:43:32.086Z] == inicio notify-password-changes-proton ==
[2025-10-29T00:43:32.089Z] payload correo="medplaycodigos@protonmail.com" clave_len=8
[2025-10-29T00:43:32.089Z] START_SH=/home/medplay/medplayapp/medplay/scripts/start-chrome-wa.sh
[2025-10-29T00:43:33.327Z] Esperando CDP en 127.0.0.1:9222...
[2025-10-29T00:43:36.300Z] CDP ok: true
[2025-10-29T00:43:36.306Z] Conectando a Chrome vía CDP...
[2025-10-29T00:43:38.526Z] CDP conectado.
[2025-10-29T00:43:39.373Z] DB: conectado
[2025-10-29T00:43:39.583Z] Plataformas Disney IDs detectadas: [3,4]
[2025-10-29T00:43:39.666Z] DBG: conteos por correo (sin fecha): [{"tabla":"pantallas","n":0},{"tabla":"cuentascompletas","n":0}]
[2025-10-29T00:43:39.692Z] DBG: conteos que vencen HOY: [{"tabla":"pantallas_hoy","n":0},{"tabla":"cuentascompletas_hoy","n":0}]
[2025-10-29T00:43:39.889Z] Filas Disney/+Premium (futuras): 0
[2025-10-29T00:43:39.894Z] grouped.size=0 skippedPhone=0
[2025-10-29T00:43:39.900Z] DBG: teléfonos inválidos (skippedPhone) = 0
[2025-10-29T00:43:39.907Z] No hay recipients; saliendo.
[2025-10-29T00:58:31.167Z] LOG_FILE=/home/medplay/medplayapp/medplay/.logs/notify-password-changes-proton.log
[2025-10-29T00:58:31.171Z] == inicio notify-password-changes-proton ==
[2025-10-29T00:58:31.174Z] payload correo="medplaycodigos@protonmail.com" clave_len=8
[2025-10-29T00:58:31.176Z] START_SH=/home/medplay/medplayapp/medplay/scripts/start-chrome-wa.sh
[2025-10-29T00:58:32.411Z] Esperando CDP en 127.0.0.1:9222...
[2025-10-29T00:58:33.892Z] CDP ok: true
[2025-10-29T00:58:33.894Z] Conectando a Chrome vía CDP...
[2025-10-29T00:58:36.216Z] CDP conectado.
[2025-10-29T00:58:36.469Z] DB: conectado
[2025-10-29T00:58:36.529Z] Plataformas Disney IDs detectadas: [3,4]
[2025-10-29T00:58:36.566Z] DBG: conteos futuros sin correo: {"pantallas_futuro":"59","cuentas_futuro":"18"}
[2025-10-29T00:58:36.716Z] Filas Disney/+Premium (futuras): 66
[2025-10-29T00:58:36.724Z] grouped.size=64 skippedPhone=0
[2025-10-29T00:58:36.725Z] DBG: desglose por plataforma: {"Disney":36,"Disney Premium":30}
[2025-10-29T00:58:36.726Z] DBG: teléfonos inválidos (skippedPhone) = 0
[2025-10-29T00:58:36.980Z] Recipients: 64
[2025-10-29T00:58:43.443Z] ⏳ Esperando 8 minutos fijos para la primera carga de WhatsApp Web…
[2025-10-29T01:06:43.465Z] 🧊 Primer arranque: preparación extendida…
[2025-10-29T01:08:44.052Z] ⚠️ Readiness no confirmado → hard reset y retry corto…
[2025-10-29T01:08:44.067Z] 🔄 Hard reset: recargando WhatsApp Web…
[2025-10-29T01:09:59.089Z] ✅ Primer arranque listo en 195.6s.
[2025-10-29T01:09:59.090Z] gapEnv=18000
[2025-10-29T01:09:59.093Z] Enviando [1/64] 1773627996 items=1
[2025-10-29T01:09:59.265Z] 🔁 Abriendo chat (intento 1/3) con: https://web.whatsapp.com/send?phone=1773627996&text=Hola%20Junior%2C%20te%20notificamos%20el%20*cambio%20de%20contrase%C3%B1a*%20de%20PROTON%3A%20*medplaycodigos%40protonmail.com*.%0A%0A%E2%80%A2%20Disney%20%E2%80%94%20Pantalla%20%7C%20*Pantalla%201*%20%7C%20vence%3A%2015%2F11%2F2025%0A%0A*La%20nueva%20contrase%C3%B1a%20es%3A*%202025cod%40%20%0ANo%20la%20compartas%20con%20nadie%3B%20%C2%A1que%20est%C3%A9s%20s%C3%BAper%20bien!%0A*Recuerda%20tu%20pantalla%20es%20la%20que%20ves%20arriba%3B%20solo%20puedes%20utilizar%20esa.*
[2025-10-29T01:11:30.716Z] ↩️ Enviado (Enter)
[2025-10-29T01:11:30.716Z] ⏳ Pausa entre contactos: 18s…
[2025-10-29T01:11:48.718Z] Enviando [2/64] 573003758897 items=1
[2025-10-29T01:11:49.978Z] 🔁 Abriendo chat (intento 1/3) con: https://web.whatsapp.com/send?phone=573003758897&text=Hola%20Luis%2C%20te%20notificamos%20el%20*cambio%20de%20contrase%C3%B1a*%20de%20PROTON%3A%20*medplaycodigos%40protonmail.com*.%0A%0A%E2%80%A2%20Disney%20Premium%20%E2%80%94%20Pantalla%20%7C%20*Pantalla%206*%20%7C%20vence%3A%2019%2F11%2F2025%0A%0A*La%20nueva%20contrase%C3%B1a%20es%3A*%202025cod%40%20%0ANo%20la%20compartas%20con%20nadie%3B%20%C2%A1que%20est%C3%A9s%20s%C3%BAper%20bien!%0A*Recuerda%20tu%20pantalla%20es%20la%20que%20ves%20arriba%3B%20solo%20puedes%20utilizar%20esa.*
[2025-10-29T01:13:17.320Z] ↩️ Enviado (Enter)
[2025-10-29T01:13:17.328Z] ⏳ Pausa entre contactos: 18s…
[2025-10-29T01:13:35.332Z] Enviando [3/64] 573005089661 items=1
[2025-10-29T01:13:35.371Z] 🔁 Abriendo chat (intento 1/3) con: https://web.whatsapp.com/send?phone=573005089661&text=Hola%20Carlos%2C%20te%20notificamos%20el%20*cambio%20de%20contrase%C3%B1a*%20de%20PROTON%3A%20*medplaycodigos%40protonmail.com*.%0A%0A%E2%80%A2%20Disney%20%E2%80%94%20Pantalla%20%7C%20*Pantalla%207*%20%7C%20vence%3A%2001%2F11%2F2025%0A%0A*La%20nueva%20contrase%C3%B1a%20es%3A*%202025cod%40%20%0ANo%20la%20compartas%20con%20nadie%3B%20%C2%A1que%20est%C3%A9s%20s%C3%BAper%20bien!%0A*Recuerda%20tu%20pantalla%20es%20la%20que%20ves%20arriba%3B%20solo%20puedes%20utilizar%20esa.*
[2025-10-29T01:14:39.275Z] ↩️ Enviado (Enter)
[2025-10-29T01:14:39.280Z] ⏳ Pausa entre contactos: 18s…
[2025-10-29T01:14:57.282Z] Enviando [4/64] 573005594596 items=1
[2025-10-29T01:14:57.314Z] 🔁 Abriendo chat (intento 1/3) con: https://web.whatsapp.com/send?phone=573005594596&text=Hola%20Andres%2C%20te%20notificamos%20el%20*cambio%20de%20contrase%C3%B1a*%20de%20PROTON%3A%20*medplaycodigos%40protonmail.com*.%0A%0A%E2%80%A2%20Disney%20Premium%20%E2%80%94%20Pantalla%20%7C%20*Pantalla%205*%20%7C%20vence%3A%2030%2F10%2F2025%0A%0A*La%20nueva%20contrase%C3%B1a%20es%3A*%202025cod%40%20%0ANo%20la%20compartas%20con%20nadie%3B%20%C2%A1que%20est%C3%A9s%20s%C3%BAper%20bien!%0A*Recuerda%20tu%20pantalla%20es%20la%20que%20ves%20arriba%3B%20solo%20puedes%20utilizar%20esa.*
[2025-10-29T01:16:12.503Z] ↩️ Enviado (Enter)
[2025-10-29T01:16:12.505Z] ⏳ Pausa entre contactos: 18s…
[2025-10-29T01:16:30.506Z] Enviando [5/64] 573005618527 items=1
[2025-10-29T01:16:30.785Z] 🔁 Abriendo chat (intento 1/3) con: https://web.whatsapp.com/send?phone=573005618527&text=Hola%20%2B573005618527%2C%20te%20notificamos%20el%20*cambio%20de%20contrase%C3%B1a*%20de%20PROTON%3A%20*medplaycodigos%40protonmail.com*.%0A%0A%E2%80%A2%20Disney%20Premium%20%E2%80%94%20Pantalla%20%7C%20*Pantalla%201*%20%7C%20vence%3A%2003%2F01%2F2026%0A%0A*La%20nueva%20contrase%C3%B1a%20es%3A*%202025cod%40%20%0ANo%20la%20compartas%20con%20nadie%3B%20%C2%A1que%20est%C3%A9s%20s%C3%BAper%20bien!%0A*Recuerda%20tu%20pantalla%20es%20la%20que%20ves%20arriba%3B%20solo%20puedes%20utilizar%20esa.*
[2025-10-29T01:17:30.923Z] ↩️ Enviado (Enter)
[2025-10-29T01:17:30.930Z] ⏳ Pausa entre contactos: 18s…
[2025-10-29T01:17:48.936Z] Enviando [6/64] 573007365749 items=1
[2025-10-29T01:17:49.183Z] 🔁 Abriendo chat (intento 1/3) con: https://web.whatsapp.com/send?phone=573007365749&text=Hola%20Brayan%2C%20te%20notificamos%20el%20*cambio%20de%20contrase%C3%B1a*%20de%20PROTON%3A%20*medplaycodigos%40protonmail.com*.%0A%0A%E2%80%A2%20Disney%20Premium%20%E2%80%94%20Cuenta%20completa%20%7C%20vence%3A%2012%2F11%2F2025%0A%0A*La%20nueva%20contrase%C3%B1a%20es%3A*%202025cod%40%20%0ANo%20la%20compartas%20con%20nadie%3B%20%C2%A1que%20est%C3%A9s%20s%C3%BAper%20bien!
[2025-10-29T01:19:03.573Z] ↩️ Enviado (Enter)
[2025-10-29T01:19:03.574Z] ⏳ Pausa entre contactos: 18s…
[2025-10-29T01:19:21.575Z] Enviando [7/64] 573007573384 items=1
[2025-10-29T01:19:21.882Z] 🔁 Abriendo chat (intento 1/3) con: https://web.whatsapp.com/send?phone=573007573384&text=Hola%20Carlos%2C%20te%20notificamos%20el%20*cambio%20de%20contrase%C3%B1a*%20de%20PROTON%3A%20*medplaycodigos%40protonmail.com*.%0A%0A%E2%80%A2%20Disney%20%E2%80%94%20Pantalla%20%7C%20*Pantalla%202*%20%7C%20vence%3A%2016%2F11%2F2025%0A%0A*La%20nueva%20contrase%C3%B1a%20es%3A*%202025cod%40%20%0ANo%20la%20compartas%20con%20nadie%3B%20%C2%A1que%20est%C3%A9s%20s%C3%BAper%20bien!%0A*Recuerda%20tu%20pantalla%20es%20la%20que%20ves%20arriba%3B%20solo%20puedes%20utilizar%20esa.*
[2025-10-29T01:20:38.041Z] ↩️ Enviado (Enter)
[2025-10-29T01:20:38.042Z] ⏳ Pausa entre contactos: 18s…
[2025-10-29T01:20:56.043Z] Enviando [8/64] 573012027941 items=1
[2025-10-29T01:20:56.078Z] 🔁 Abriendo chat (intento 1/3) con: https://web.whatsapp.com/send?phone=573012027941&text=Hola%20Maria%2C%20te%20notificamos%20el%20*cambio%20de%20contrase%C3%B1a*%20de%20PROTON%3A%20*medplaycodigos%40protonmail.com*.%0A%0A%E2%80%A2%20Disney%20%E2%80%94%20Pantalla%20%7C%20*Pantalla%207*%20%7C%20vence%3A%2008%2F11%2F2025%0A%0A*La%20nueva%20contrase%C3%B1a%20es%3A*%202025cod%40%20%0ANo%20la%20compartas%20con%20nadie%3B%20%C2%A1que%20est%C3%A9s%20s%C3%BAper%20bien!%0A*Recuerda%20tu%20pantalla%20es%20la%20que%20ves%20arriba%3B%20solo%20puedes%20utilizar%20esa.*
[2025-10-29T01:22:01.480Z] ↩️ Enviado (Enter)
[2025-10-29T01:22:01.481Z] ⏳ Pausa entre contactos: 18s…
[2025-10-29T01:22:19.482Z] Enviando [9/64] 573017301786 items=1
[2025-10-29T01:22:19.504Z] 🔁 Abriendo chat (intento 1/3) con: https://web.whatsapp.com/send?phone=573017301786&text=Hola%20Sneider%2C%20te%20notificamos%20el%20*cambio%20de%20contrase%C3%B1a*%20de%20PROTON%3A%20*medplaycodigos%40protonmail.com*.%0A%0A%E2%80%A2%20Disney%20%E2%80%94%20Pantalla%20%7C%20*Pantalla%204*%20%7C%20vence%3A%2009%2F01%2F2026%0A%0A*La%20nueva%20contrase%C3%B1a%20es%3A*%202025cod%40%20%0ANo%20la%20compartas%20con%20nadie%3B%20%C2%A1que%20est%C3%A9s%20s%C3%BAper%20bien!%0A*Recuerda%20tu%20pantalla%20es%20la%20que%20ves%20arriba%3B%20solo%20puedes%20utilizar%20esa.*
[2025-10-29T01:22:55.067Z] ⚠️ No se pudo pulsar Enter: keyboard.press: Target page, context or browser has been closed
[2025-10-29T01:22:55.079Z] ⏳ Pausa entre contactos: 18s…
[2025-10-29T01:23:13.090Z] Enviando [10/64] 573022117026 items=1
[2025-10-29T01:23:13.096Z] ❌ Error notify-password-changes-proton: browserContext.newCDPSession: Target page, context or browser has been closed
    at Object.attach (/home/medplay/medplayapp/medplay/scripts/notify-password-changes-proton.js:179:43)
    at ensureChatReady (/home/medplay/medplayapp/medplay/scripts/notify-password-changes-proton.js:350:17)
    at main (/home/medplay/medplayapp/medplay/scripts/notify-password-changes-proton.js:686:28)
